// Vitest Snapshot v1, https://vitest.dev/guide/snapshot.html

exports[`HeroSection > should render to match snapshot 1`] = `
<div>
  <section
    class="sc-bRKDuR jXDLKT"
  >
    <div
      class="hero-section"
    >
      <div
        class="bg-image"
      />
      <div
        class="bg-text"
      >
        <h2>
          Fresh from Our Farm to Your Table
        </h2>
        <p>
          Discover the finest fruits, grown with care, delivered with love.
        </p>
      </div>
    </div>
    <section
      class="about-us-section"
    >
      <h2
        class="_uAlignCenter_2d2bfb _uFlex_2d2bfb _uGap1r_2d2bfb title"
      >
        <svg
          role="presentation"
          style="width: 3rem; height: 3rem;"
          viewBox="0 0 24 24"
        >
          <path
            d="M13,9H11V7H13M13,17H11V11H13M12,2A10,10 0 0,0 2,12A10,10 0 0,0 12,22A10,10 0 0,0 22,12A10,10 0 0,0 12,2Z"
            style="fill: blue;"
          />
        </svg>
        <span>
          About Us
        </span>
      </h2>
      <p>
        We are passionate about bringing fresh, healthy, and affordable fruits closer to you. Our mission is to make it easier for everyone to enjoy nature's sweetness, whether for snacking, cooking, or juicing.
      </p>
    </section>
  </section>
</div>
`;
